nohup: ignoring input
=== Backfilling libnorm ( 32820 files ) ===
   libnorm progress: 1000 / 32820  free disk (GB): 22.84 
   libnorm progress: 2000 / 32820  free disk (GB): 22.84 
   libnorm progress: 3000 / 32820  free disk (GB): 22.84 
   libnorm progress: 4000 / 32820  free disk (GB): 22.84 
   libnorm progress: 5000 / 32820  free disk (GB): 22.84 
   libnorm progress: 6000 / 32820  free disk (GB): 22.84 
   libnorm progress: 7000 / 32820  free disk (GB): 22.84 
   libnorm progress: 8000 / 32820  free disk (GB): 22.84 
   libnorm progress: 9000 / 32820  free disk (GB): 22.84 
   libnorm progress: 10000 / 32820  free disk (GB): 22.84 
   libnorm progress: 11000 / 32820  free disk (GB): 22.84 
   libnorm progress: 12000 / 32820  free disk (GB): 22.84 
   libnorm progress: 13000 / 32820  free disk (GB): 22.84 
   libnorm progress: 14000 / 32820  free disk (GB): 22.84 
   libnorm progress: 15000 / 32820  free disk (GB): 22.84 
   libnorm progress: 16000 / 32820  free disk (GB): 22.84 
   libnorm progress: 17000 / 32820  free disk (GB): 22.84 
   libnorm progress: 18000 / 32820  free disk (GB): 22.84 
   libnorm progress: 19000 / 32820  free disk (GB): 22.84 
   libnorm progress: 20000 / 32820  free disk (GB): 22.84 
   libnorm progress: 21000 / 32820  free disk (GB): 22.84 
   libnorm progress: 22000 / 32820  free disk (GB): 22.84 
   libnorm progress: 23000 / 32820  free disk (GB): 22.84 
   libnorm progress: 24000 / 32820  free disk (GB): 22.84 
   libnorm progress: 25000 / 32820  free disk (GB): 22.84 
   libnorm progress: 26000 / 32820  free disk (GB): 22.84 
   libnorm progress: 27000 / 32820  free disk (GB): 22.84 
   libnorm progress: 28000 / 32820  free disk (GB): 22.84 
   libnorm progress: 29000 / 32820  free disk (GB): 22.84 
   libnorm progress: 30000 / 32820  free disk (GB): 22.84 
   libnorm progress: 31000 / 32820  free disk (GB): 22.84 
   libnorm progress: 32000 / 32820  free disk (GB): 22.84 
libnorm complete.

=== Backfilling log ( 32820 files ) ===
   log progress: 1000 / 32820  free disk (GB): 22.8 
   log progress: 2000 / 32820  free disk (GB): 22.4 
   log progress: 3000 / 32820  free disk (GB): 22.01 
   log progress: 4000 / 32820  free disk (GB): 21.62 
   log progress: 5000 / 32820  free disk (GB): 21.23 
   log progress: 6000 / 32820  free disk (GB): 20.83 
   log progress: 7000 / 32820  free disk (GB): 20.44 
   log progress: 8000 / 32820  free disk (GB): 20.05 
   log progress: 9000 / 32820  free disk (GB): 19.66 
   log progress: 10000 / 32820  free disk (GB): 19.27 
   log progress: 11000 / 32820  free disk (GB): 18.8 
   log progress: 12000 / 32820  free disk (GB): 17.08 
   log progress: 13000 / 32820  free disk (GB): 15.3 
   log progress: 14000 / 32820  free disk (GB): 13.58 
   log progress: 15000 / 32820  free disk (GB): 11.78 
   log progress: 16000 / 32820  free disk (GB): 10.07 
   log progress: 17000 / 32820  free disk (GB): 8.27 
   log progress: 18000 / 32820  free disk (GB): 6.57 
   log progress: 19000 / 32820  free disk (GB): 4.77 
   log progress: 20000 / 32820  free disk (GB): 3.06 
   log progress: 21000 / 32820  free disk (GB): 1.28 
Error: Disk guard triggered: only 1.276316GB free on /mnt/extra2. Aborting.
Execution halted
