nohup: ignoring input
=== Backfilling libnorm ( 32820 files ) ===
   libnorm progress: 1000 / 32820  free disk (GB): 23.22 
   libnorm progress: 2000 / 32820  free disk (GB): 23.22 
   libnorm progress: 3000 / 32820  free disk (GB): 23.22 
   libnorm progress: 4000 / 32820  free disk (GB): 23.22 
   libnorm progress: 5000 / 32820  free disk (GB): 23.22 
   libnorm progress: 6000 / 32820  free disk (GB): 23.22 
   libnorm progress: 7000 / 32820  free disk (GB): 23.22 
   libnorm progress: 8000 / 32820  free disk (GB): 23.22 
   libnorm progress: 9000 / 32820  free disk (GB): 23.22 
   libnorm progress: 10000 / 32820  free disk (GB): 23.22 
   libnorm progress: 11000 / 32820  free disk (GB): 23.22 
   libnorm progress: 12000 / 32820  free disk (GB): 23.22 
   libnorm progress: 13000 / 32820  free disk (GB): 23.22 
   libnorm progress: 14000 / 32820  free disk (GB): 23.22 
   libnorm progress: 15000 / 32820  free disk (GB): 23.22 
   libnorm progress: 16000 / 32820  free disk (GB): 23.22 
   libnorm progress: 17000 / 32820  free disk (GB): 23.22 
   libnorm progress: 18000 / 32820  free disk (GB): 23.22 
   libnorm progress: 19000 / 32820  free disk (GB): 23.22 
   libnorm progress: 20000 / 32820  free disk (GB): 23.22 
   libnorm progress: 21000 / 32820  free disk (GB): 23.22 
   libnorm progress: 22000 / 32820  free disk (GB): 23.22 
   libnorm progress: 23000 / 32820  free disk (GB): 23.22 
   libnorm progress: 24000 / 32820  free disk (GB): 23.22 
   libnorm progress: 25000 / 32820  free disk (GB): 23.22 
   libnorm progress: 26000 / 32820  free disk (GB): 23.22 
   libnorm progress: 27000 / 32820  free disk (GB): 23.22 
   libnorm progress: 28000 / 32820  free disk (GB): 23.22 
   libnorm progress: 29000 / 32820  free disk (GB): 23.22 
   libnorm progress: 30000 / 32820  free disk (GB): 23.22 
   libnorm progress: 31000 / 32820  free disk (GB): 23.22 
   libnorm progress: 32000 / 32820  free disk (GB): 23.22 
libnorm complete.

=== Backfilling log ( 32820 files ) ===
Error in file(file, ifelse(append, "a", "w")) : 
  cannot open the connection
Calls: backfill_one -> log_row -> write.table -> file
In addition: Warning message:
In file(file, ifelse(append, "a", "w")) :
  cannot open file 'data/processed/loadings_backfill_progress.csv': No such file or directory
Execution halted
