nohup: ignoring input
=== Backfilling libnorm ( 32820 files ) ===
   libnorm progress: 1000 / 32820  free disk (GB): 14.41 
   libnorm progress: 2000 / 32820  free disk (GB): 14.41 
   libnorm progress: 3000 / 32820  free disk (GB): 14.41 
   libnorm progress: 4000 / 32820  free disk (GB): 14.41 
   libnorm progress: 5000 / 32820  free disk (GB): 14.41 
   libnorm progress: 6000 / 32820  free disk (GB): 14.41 
   libnorm progress: 7000 / 32820  free disk (GB): 14.41 
   libnorm progress: 8000 / 32820  free disk (GB): 14.41 
   libnorm progress: 9000 / 32820  free disk (GB): 14.41 
   libnorm progress: 10000 / 32820  free disk (GB): 14.41 
   libnorm progress: 11000 / 32820  free disk (GB): 14.41 
   libnorm progress: 12000 / 32820  free disk (GB): 14.41 
   libnorm progress: 13000 / 32820  free disk (GB): 14.41 
   libnorm progress: 14000 / 32820  free disk (GB): 14.41 
   libnorm progress: 15000 / 32820  free disk (GB): 14.41 
   libnorm progress: 16000 / 32820  free disk (GB): 14.41 
   libnorm progress: 17000 / 32820  free disk (GB): 14.41 
   libnorm progress: 18000 / 32820  free disk (GB): 14.41 
   libnorm progress: 19000 / 32820  free disk (GB): 14.41 
   libnorm progress: 20000 / 32820  free disk (GB): 14.41 
   libnorm progress: 21000 / 32820  free disk (GB): 14.41 
   libnorm progress: 22000 / 32820  free disk (GB): 14.41 
   libnorm progress: 23000 / 32820  free disk (GB): 14.41 
   libnorm progress: 24000 / 32820  free disk (GB): 14.41 
   libnorm progress: 25000 / 32820  free disk (GB): 14.41 
   libnorm progress: 26000 / 32820  free disk (GB): 14.41 
   libnorm progress: 27000 / 32820  free disk (GB): 14.41 
   libnorm progress: 28000 / 32820  free disk (GB): 14.41 
   libnorm progress: 29000 / 32820  free disk (GB): 14.41 
   libnorm progress: 30000 / 32820  free disk (GB): 14.41 
   libnorm progress: 31000 / 32820  free disk (GB): 14.41 
   libnorm progress: 32000 / 32820  free disk (GB): 14.41 
libnorm complete.

=== Backfilling log ( 32820 files ) ===
   log progress: 1000 / 32820  free disk (GB): 14.41 
   log progress: 2000 / 32820  free disk (GB): 14.41 
   log progress: 3000 / 32820  free disk (GB): 14.41 
   log progress: 4000 / 32820  free disk (GB): 14.41 
   log progress: 5000 / 32820  free disk (GB): 14.41 
   log progress: 6000 / 32820  free disk (GB): 14.41 
   log progress: 7000 / 32820  free disk (GB): 14.41 
   log progress: 8000 / 32820  free disk (GB): 14.41 
   log progress: 9000 / 32820  free disk (GB): 14.41 
   log progress: 10000 / 32820  free disk (GB): 14.41 
   log progress: 11000 / 32820  free disk (GB): 14.41 
   log progress: 12000 / 32820  free disk (GB): 14.41 
   log progress: 13000 / 32820  free disk (GB): 14.41 
   log progress: 14000 / 32820  free disk (GB): 14.41 
   log progress: 15000 / 32820  free disk (GB): 14.41 
   log progress: 16000 / 32820  free disk (GB): 14.41 
   log progress: 17000 / 32820  free disk (GB): 14.41 
   log progress: 18000 / 32820  free disk (GB): 14.41 
   log progress: 19000 / 32820  free disk (GB): 14.41 
   log progress: 20000 / 32820  free disk (GB): 14.41 
   log progress: 21000 / 32820  free disk (GB): 14.41 
   log progress: 22000 / 32820  free disk (GB): 12.8 
   log progress: 23000 / 32820  free disk (GB): 12.35 
   log progress: 24000 / 32820  free disk (GB): 11.9 
   log progress: 25000 / 32820  free disk (GB): 11.46 
   log progress: 26000 / 32820  free disk (GB): 11.01 
   log progress: 27000 / 32820  free disk (GB): 10.56 
   log progress: 28000 / 32820  free disk (GB): 10.11 
   log progress: 29000 / 32820  free disk (GB): 9.66 
   log progress: 30000 / 32820  free disk (GB): 9.21 
   log progress: 31000 / 32820  free disk (GB): 8.76 
   log progress: 32000 / 32820  free disk (GB): 8.31 
log complete.

=== Backfilling shiftedlog ( 32820 files ) ===
   shiftedlog progress: 1000 / 32820  free disk (GB): 7.91 
   shiftedlog progress: 2000 / 32820  free disk (GB): 7.91 
   shiftedlog progress: 3000 / 32820  free disk (GB): 7.91 
   shiftedlog progress: 4000 / 32820  free disk (GB): 7.91 
   shiftedlog progress: 5000 / 32820  free disk (GB): 7.91 
   shiftedlog progress: 6000 / 32820  free disk (GB): 7.91 
   shiftedlog progress: 7000 / 32820  free disk (GB): 7.91 
   shiftedlog progress: 8000 / 32820  free disk (GB): 7.91 
   shiftedlog progress: 9000 / 32820  free disk (GB): 7.91 
   shiftedlog progress: 10000 / 32820  free disk (GB): 7.91 
   shiftedlog progress: 11000 / 32820  free disk (GB): 7.91 
   shiftedlog progress: 12000 / 32820  free disk (GB): 7.91 
   shiftedlog progress: 13000 / 32820  free disk (GB): 7.91 
   shiftedlog progress: 14000 / 32820  free disk (GB): 7.91 
   shiftedlog progress: 15000 / 32820  free disk (GB): 7.91 
   shiftedlog progress: 16000 / 32820  free disk (GB): 7.91 
   shiftedlog progress: 17000 / 32820  free disk (GB): 7.91 
   shiftedlog progress: 18000 / 32820  free disk (GB): 7.91 
   shiftedlog progress: 19000 / 32820  free disk (GB): 7.91 
   shiftedlog progress: 20000 / 32820  free disk (GB): 7.91 
   shiftedlog progress: 21000 / 32820  free disk (GB): 7.91 
   shiftedlog progress: 22000 / 32820  free disk (GB): 7.91 
   shiftedlog progress: 23000 / 32820  free disk (GB): 7.91 
   shiftedlog progress: 24000 / 32820  free disk (GB): 7.91 
   shiftedlog progress: 25000 / 32820  free disk (GB): 7.91 
   shiftedlog progress: 26000 / 32820  free disk (GB): 7.91 
   shiftedlog progress: 27000 / 32820  free disk (GB): 7.91 
   shiftedlog progress: 28000 / 32820  free disk (GB): 7.91 
   shiftedlog progress: 29000 / 32820  free disk (GB): 7.91 
   shiftedlog progress: 30000 / 32820  free disk (GB): 7.91 
   shiftedlog progress: 31000 / 32820  free disk (GB): 7.91 
   shiftedlog progress: 32000 / 32820  free disk (GB): 7.91 
shiftedlog complete.

=== LOADINGS BACKFILL COMPLETE ===
