nohup: ignoring input
2026-08-22 09:07:56 - Loading PBMC68k... 
2026-08-22 09:07:58 - Cells: 65690 Genes: 20387 
2026-08-22 09:07:58 - Quick clustering for size-factor estimation (standard scran practice at this scale)... 
2026-08-22 09:10:31 - Quick clusters: 21 - elapsed: 2.55 min 
2026-08-22 09:10:31 - Computing pooling-based size factors... 
2026-08-22 09:15:36 - Done - elapsed: 5.09 min 
2026-08-22 09:15:36 - Log-normalizing... 
2026-08-22 09:15:37 - Done - elapsed: 0.01 min 
2026-08-22 09:15:37 - Modeling gene variance, selecting top 2000 HVGs... 
2026-08-22 09:15:37 - HVGs selected: 2000 - elapsed: 0 min 
2026-08-22 09:15:37 - Computing PCA (irlba, 30 components, matching PBMC 3k's rank=30) on HVG subset... 
            used  (Mb) gc trigger   (Mb)  max used   (Mb)
Ncells   9240006 493.5   17326687  925.4  11320115  604.6
Vcells 112533165 858.6  363874347 2776.2 385876578 2944.1
2026-08-22 09:15:59 - PCA done - elapsed: 0.36 min 
2026-08-22 09:15:59 - Building SNN graph (k=20)... 
2026-08-22 09:16:32 - Graph built - elapsed: 0.55 min 
2026-08-22 09:16:32 - Detecting communities via Louvain (substituted for Walktrap: OOM-killed at 13.3GB RSS on this 65,690-node graph; Louvain (Blondel et al. 2008) is the field-standard scalable alternative, default in Seurat/Scanpy for datasets at this scale)... 
2026-08-22 09:17:21 - Clusters found: 9 - elapsed: 0.83 min 
clusters
    1     2     3     4     5     6     7     8     9 
 9534 24431 13568  3677  6057   474  4041    99  3809 
'select()' returned 1:1 mapping between keys and columns
2026-08-22 09:17:22 - Marker symbol-to-Ensembl mapping: 
             IL7R              CD3D              CD8A             CD79A 
"ENSG00000168685" "ENSG00000167286" "ENSG00000153563" "ENSG00000105369" 
            MS4A1              GNLY              NKG7              CD14 
"ENSG00000156738" "ENSG00000115523" "ENSG00000105374" "ENSG00000170458" 
              LYZ 
"ENSG00000090382" 
2026-08-22 09:17:22 - Scoring clusters against canonical marker sets... 
  CD4_T CD8_T B_cell    NK Monocyte
1 0.890 0.756  0.009 1.279    0.011
2 0.785 0.662  0.021 0.046    0.011
3 0.872 0.599  0.010 0.073    0.011
4 0.070 0.056  1.582 0.113    0.013
5 0.756 1.057  0.004 3.511    0.009
6 0.073 0.056  0.176 0.149    0.028
7 0.036 0.052  0.005 3.860    0.007
8 0.107 0.076  0.010 0.062    0.012
9 0.080 0.068  0.013 0.188    1.091
'select()' returned 1:1 mapping between keys and columns
2026-08-22 09:17:22 - Per-cluster mean CD3D expression (T-cell gate): 
    1     2     3     4     5     6     7     8     9 
1.213 1.185 1.170 0.096 1.447 0.101 0.049 0.152 0.126 
'select()' returned 1:1 mapping between keys and columns
'select()' returned 1:1 mapping between keys and columns
2026-08-22 09:17:23 - T-cell gate result per cluster (CD3D > median): 
    1     2     3     4     5     6     7     8     9 
 TRUE  TRUE  TRUE FALSE  TRUE FALSE FALSE FALSE FALSE 
2026-08-22 09:17:23 - Cluster-to-celltype assignment (hierarchical, post-CD3D-gate): 
         1          2          3          4          5          6          7 
   "CD4_T"    "CD4_T"    "CD4_T"   "B_cell"    "CD8_T"   "B_cell"       "NK" 
         8          9 
      "NK" "Monocyte" 
2026-08-22 09:17:23 - New label distribution: 
new_true_group
  B_cell    CD4_T    CD8_T Monocyte       NK     <NA> 
    4151    47533     6057     3809     4140        0 
2026-08-22 09:17:46 - Saved to data/real/pbmc68k/pbmc68k_harmonized_REANNOTATED.rds for verification (original file untouched) 
2026-08-22 09:17:46 - === PBMC68k RE-ANNOTATION COMPLETE === 
