nohup: ignoring input
Total simulated files to process: 32814 

=== Processing scdesign3 ( 10940 files ) ===
  [progress] processed: 100 / 32814  free disk (GB): 151.65 
  [progress] processed: 200 / 32814  free disk (GB): 151.61 
  [progress] processed: 300 / 32814  free disk (GB): 151.54 
  [progress] processed: 400 / 32814  free disk (GB): 151.44 
  [progress] processed: 500 / 32814  free disk (GB): 151.41 
  [progress] processed: 600 / 32814  free disk (GB): 151.35 
  [progress] processed: 700 / 32814  free disk (GB): 151.29 
  [progress] processed: 800 / 32814  free disk (GB): 151.19 
  [progress] processed: 900 / 32814  free disk (GB): 151.15 
  [progress] processed: 1000 / 32814  free disk (GB): 151.1 
  [progress] processed: 1100 / 32814  free disk (GB): 151.03 
  [progress] processed: 1200 / 32814  free disk (GB): 150.94 
  [progress] processed: 1300 / 32814  free disk (GB): 150.9 
  [progress] processed: 1400 / 32814  free disk (GB): 150.85 
  [progress] processed: 1500 / 32814  free disk (GB): 150.78 
  [progress] processed: 1600 / 32814  free disk (GB): 150.69 
  [progress] processed: 1700 / 32814  free disk (GB): 150.64 
  [progress] processed: 1800 / 32814  free disk (GB): 150.59 
  [progress] processed: 1900 / 32814  free disk (GB): 150.53 
  [progress] processed: 2000 / 32814  free disk (GB): 150.44 
  [progress] processed: 2100 / 32814  free disk (GB): 150.39 
  [progress] processed: 2200 / 32814  free disk (GB): 150.34 
  [progress] processed: 2300 / 32814  free disk (GB): 150.28 
  [progress] processed: 2400 / 32814  free disk (GB): 150.19 
  [progress] processed: 2500 / 32814  free disk (GB): 150.13 
  [progress] processed: 2600 / 32814  free disk (GB): 150.09 
  [progress] processed: 2700 / 32814  free disk (GB): 150.02 
  [progress] processed: 2800 / 32814  free disk (GB): 149.94 
  [progress] processed: 2900 / 32814  free disk (GB): 149.88 
  [progress] processed: 3000 / 32814  free disk (GB): 149.83 
  [progress] processed: 3100 / 32814  free disk (GB): 149.77 
  [progress] processed: 3200 / 32814  free disk (GB): 149.69 
  [progress] processed: 3300 / 32814  free disk (GB): 149.62 
Error in file(file, ifelse(append, "a", "w")) : 
  cannot open the connection
Calls: log_rows -> write.table -> file
In addition: Warning message:
In file(file, ifelse(append, "a", "w")) :
  cannot open file 'data/processed/pca_glmpca/step3_6_progress.csv': No such file or directory
Execution halted
