nohup: ignoring input
===  pbmc68k  ===
  Training on 2000 cells, projecting 63690 cells
  Projecting 63690 cells...
  Done. Total runtime: 509.1 sec. Saved to: data/processed/pca_glmpca/real/pbmc68k/pbmc68k_harmonized_glmpca.rds 

[1] "data/processed/pca_glmpca/real/pbmc68k/pbmc68k_harmonized_glmpca.rds"
Warning messages:
1: In glmpca(train_mat, L = PCA_NV, fam = "nb", ctl = list(verbose = FALSE,  :
  Reached maximum number of iterations (25) without numerical convergence. Results may be unreliable.
2: In asMethod(object) :
  sparse->dense coercion: allocating vector of size 1.4 GiB
===  tabula_sapiens_lung  ===
  Training on 2000 cells, projecting 59292 cells
  Projecting 59292 cells...
  Done. Total runtime: 1511.5 sec. Saved to: data/processed/pca_glmpca/real/tabula_sapiens_lung/tabula_sapiens_lung_harmonized_glmpca.rds 

[1] "data/processed/pca_glmpca/real/tabula_sapiens_lung/tabula_sapiens_lung_harmonized_glmpca.rds"
Warning messages:
1: In glmpca(train_mat, L = PCA_NV, fam = "nb", ctl = list(verbose = FALSE,  :
  Reached maximum number of iterations (25) without numerical convergence. Results may be unreliable.
2: In asMethod(object) :
  sparse->dense coercion: allocating vector of size 1.3 GiB
=== CHUNKED PROJECTION COMPLETE ===
