nohup: ignoring input
2026-08-21 06:55:06 - Total (simulator, run_id) groups to process: 32799 
2026-08-21 06:55:06 - Resuming: 0 of 66 batches already done 
2026-08-21 06:56:56 - Batch 1/66 done (500 groups, 3000 rows). Errors: 0. Total groups processed: 500/32799 
2026-08-21 06:59:04 - Batch 2/66 done (500 groups, 3000 rows). Errors: 0. Total groups processed: 1000/32799 
2026-08-21 07:01:08 - Batch 3/66 done (500 groups, 3000 rows). Errors: 0. Total groups processed: 1500/32799 
2026-08-21 07:02:54 - Batch 4/66 done (500 groups, 3000 rows). Errors: 0. Total groups processed: 2000/32799 
2026-08-21 07:04:48 - Batch 5/66 done (500 groups, 3000 rows). Errors: 0. Total groups processed: 2500/32799 
2026-08-21 07:06:32 - Batch 6/66 done (500 groups, 3000 rows). Errors: 0. Total groups processed: 3000/32799 
2026-08-21 07:08:26 - Batch 7/66 done (500 groups, 3000 rows). Errors: 0. Total groups processed: 3500/32799 
2026-08-21 07:10:18 - Batch 8/66 done (500 groups, 3000 rows). Errors: 0. Total groups processed: 4000/32799 
2026-08-21 07:12:13 - Batch 9/66 done (500 groups, 3000 rows). Errors: 0. Total groups processed: 4500/32799 
2026-08-21 07:12:48 - Batch 10/66 done (500 groups, 3000 rows). Errors: 0. Total groups processed: 5000/32799 
2026-08-21 07:13:14 - Batch 11/66 done (500 groups, 3000 rows). Errors: 0. Total groups processed: 5500/32799 
2026-08-21 07:13:52 - Batch 12/66 done (500 groups, 3000 rows). Errors: 0. Total groups processed: 6000/32799 
2026-08-21 07:14:19 - Batch 13/66 done (500 groups, 3000 rows). Errors: 0. Total groups processed: 6500/32799 
2026-08-21 07:14:53 - Batch 14/66 done (500 groups, 3000 rows). Errors: 0. Total groups processed: 7000/32799 
2026-08-21 07:15:29 - Batch 15/66 done (500 groups, 3000 rows). Errors: 0. Total groups processed: 7500/32799 
2026-08-21 07:15:56 - Batch 16/66 done (500 groups, 3000 rows). Errors: 0. Total groups processed: 8000/32799 
2026-08-21 07:16:35 - Batch 17/66 done (500 groups, 3000 rows). Errors: 0. Total groups processed: 8500/32799 
2026-08-21 07:17:03 - Batch 18/66 done (500 groups, 3000 rows). Errors: 0. Total groups processed: 9000/32799 
2026-08-21 07:17:37 - Batch 19/66 done (500 groups, 3000 rows). Errors: 0. Total groups processed: 9500/32799 
2026-08-21 07:18:10 - Batch 20/66 done (500 groups, 3000 rows). Errors: 0. Total groups processed: 10000/32799 
2026-08-21 07:18:40 - Batch 21/66 done (500 groups, 3000 rows). Errors: 0. Total groups processed: 10500/32799 
2026-08-21 07:19:21 - Batch 22/66 done (500 groups, 3000 rows). Errors: 0. Total groups processed: 11000/32799 
2026-08-21 07:19:46 - Batch 23/66 done (500 groups, 3000 rows). Errors: 0. Total groups processed: 11500/32799 
2026-08-21 07:20:21 - Batch 24/66 done (500 groups, 3000 rows). Errors: 0. Total groups processed: 12000/32799 
2026-08-21 07:20:52 - Batch 25/66 done (500 groups, 3000 rows). Errors: 0. Total groups processed: 12500/32799 
2026-08-21 07:21:24 - Batch 26/66 done (500 groups, 3000 rows). Errors: 0. Total groups processed: 13000/32799 
2026-08-21 07:22:03 - Batch 27/66 done (500 groups, 3000 rows). Errors: 0. Total groups processed: 13500/32799 
2026-08-21 07:22:33 - Batch 28/66 done (500 groups, 3000 rows). Errors: 0. Total groups processed: 14000/32799 
2026-08-21 07:23:10 - Batch 29/66 done (500 groups, 3000 rows). Errors: 0. Total groups processed: 14500/32799 
2026-08-21 07:23:38 - Batch 30/66 done (500 groups, 3000 rows). Errors: 0. Total groups processed: 15000/32799 
2026-08-21 07:24:10 - Batch 31/66 done (500 groups, 3000 rows). Errors: 0. Total groups processed: 15500/32799 
2026-08-21 07:24:46 - Batch 32/66 done (500 groups, 3000 rows). Errors: 0. Total groups processed: 16000/32799 
2026-08-21 07:25:15 - Batch 33/66 done (500 groups, 3000 rows). Errors: 0. Total groups processed: 16500/32799 
2026-08-21 07:25:57 - Batch 34/66 done (500 groups, 3000 rows). Errors: 0. Total groups processed: 17000/32799 
2026-08-21 07:26:21 - Batch 35/66 done (500 groups, 3000 rows). Errors: 0. Total groups processed: 17500/32799 
2026-08-21 07:26:55 - Batch 36/66 done (500 groups, 3000 rows). Errors: 0. Total groups processed: 18000/32799 
2026-08-21 07:27:27 - Batch 37/66 done (500 groups, 3000 rows). Errors: 0. Total groups processed: 18500/32799 
2026-08-21 07:27:57 - Batch 38/66 done (500 groups, 3000 rows). Errors: 0. Total groups processed: 19000/32799 
2026-08-21 07:28:38 - Batch 39/66 done (500 groups, 3000 rows). Errors: 0. Total groups processed: 19500/32799 
2026-08-21 07:29:08 - Batch 40/66 done (500 groups, 3000 rows). Errors: 0. Total groups processed: 20000/32799 
2026-08-21 07:29:43 - Batch 41/66 done (500 groups, 3000 rows). Errors: 0. Total groups processed: 20500/32799 
2026-08-21 07:30:13 - Batch 42/66 done (500 groups, 3000 rows). Errors: 0. Total groups processed: 21000/32799 
2026-08-21 07:30:43 - Batch 43/66 done (500 groups, 3000 rows). Errors: 0. Total groups processed: 21500/32799 
2026-08-21 07:31:21 - Batch 44/66 done (500 groups, 3000 rows). Errors: 0. Total groups processed: 22000/32799 
2026-08-21 07:31:52 - Batch 45/66 done (500 groups, 3000 rows). Errors: 0. Total groups processed: 22500/32799 
2026-08-21 07:32:32 - Batch 46/66 done (500 groups, 3000 rows). Errors: 0. Total groups processed: 23000/32799 
2026-08-21 07:32:59 - Batch 47/66 done (500 groups, 3000 rows). Errors: 0. Total groups processed: 23500/32799 
2026-08-21 07:33:30 - Batch 48/66 done (500 groups, 3000 rows). Errors: 0. Total groups processed: 24000/32799 
2026-08-21 07:34:06 - Batch 49/66 done (500 groups, 3000 rows). Errors: 0. Total groups processed: 24500/32799 
2026-08-21 07:34:35 - Batch 50/66 done (500 groups, 3000 rows). Errors: 0. Total groups processed: 25000/32799 
2026-08-21 07:35:16 - Batch 51/66 done (500 groups, 3000 rows). Errors: 0. Total groups processed: 25500/32799 
2026-08-21 07:35:47 - Batch 52/66 done (500 groups, 3000 rows). Errors: 0. Total groups processed: 26000/32799 
2026-08-21 07:36:21 - Batch 53/66 done (500 groups, 3000 rows). Errors: 0. Total groups processed: 26500/32799 
2026-08-21 07:36:54 - Batch 54/66 done (500 groups, 3000 rows). Errors: 0. Total groups processed: 27000/32799 
2026-08-21 07:37:22 - Batch 55/66 done (500 groups, 3000 rows). Errors: 0. Total groups processed: 27500/32799 
2026-08-21 07:38:03 - Batch 56/66 done (500 groups, 3000 rows). Errors: 0. Total groups processed: 28000/32799 
2026-08-21 07:38:32 - Batch 57/66 done (500 groups, 3000 rows). Errors: 0. Total groups processed: 28500/32799 
2026-08-21 07:39:10 - Batch 58/66 done (500 groups, 3000 rows). Errors: 0. Total groups processed: 29000/32799 
2026-08-21 07:39:41 - Batch 59/66 done (500 groups, 3000 rows). Errors: 0. Total groups processed: 29500/32799 
2026-08-21 07:40:11 - Batch 60/66 done (500 groups, 3000 rows). Errors: 0. Total groups processed: 30000/32799 
2026-08-21 07:40:49 - Batch 61/66 done (500 groups, 3000 rows). Errors: 0. Total groups processed: 30500/32799 
2026-08-21 07:41:18 - Batch 62/66 done (500 groups, 3000 rows). Errors: 0. Total groups processed: 31000/32799 
2026-08-21 07:41:58 - Batch 63/66 done (500 groups, 3000 rows). Errors: 0. Total groups processed: 31500/32799 
2026-08-21 07:42:31 - Batch 64/66 done (500 groups, 3000 rows). Errors: 0. Total groups processed: 32000/32799 
2026-08-21 07:43:01 - Batch 65/66 done (500 groups, 3000 rows). Errors: 0. Total groups processed: 32500/32799 
2026-08-21 07:43:26 - Batch 66/66 done (299 groups, 1794 rows). Errors: 0. Total groups processed: 32799/32799 
2026-08-21 07:43:26 - === STEP 4.1-4.3 COMPLETE === 
2026-08-21 07:43:27 - Total rows: 196794 | Total errors: 0 
