nohup: ignoring input
Splatter exclusion manifest loaded: 6 files
Splatter: excluded 0 files per manifest
Total files to process: 32820 

=== Processing scdesign3 ( 10940 files) ===
  [progress] processed: 500 / 32820  free disk (GB): 204.29 
  [progress] processed: 1000 / 32820  free disk (GB): 204.18 
  [progress] processed: 1500 / 32820  free disk (GB): 204.05 
  [progress] processed: 2000 / 32820  free disk (GB): 203.91 
  [progress] processed: 2500 / 32820  free disk (GB): 203.78 
  [progress] processed: 3000 / 32820  free disk (GB): 203.67 
  [progress] processed: 3500 / 32820  free disk (GB): 203.55 
  [progress] processed: 4000 / 32820  free disk (GB): 203.41 
  [progress] processed: 4500 / 32820  free disk (GB): 203.28 
  [progress] processed: 5000 / 32820  free disk (GB): 203.17 
  [progress] processed: 5500 / 32820  free disk (GB): 203.04 
  [progress] processed: 6000 / 32820  free disk (GB): 202.91 
  [progress] processed: 6500 / 32820  free disk (GB): 202.77 
  [progress] processed: 7000 / 32820  free disk (GB): 202.66 
  [progress] processed: 7500 / 32820  free disk (GB): 202.54 
  [progress] processed: 8000 / 32820  free disk (GB): 202.41 
  [progress] processed: 8500 / 32820  free disk (GB): 202.27 
  [progress] processed: 9000 / 32820  free disk (GB): 202.15 
  [progress] processed: 9500 / 32820  free disk (GB): 202.04 
  [progress] processed: 10000 / 32820  free disk (GB): 201.91 
  [progress] processed: 10500 / 32820  free disk (GB): 201.77 
=== Processing splatter ( 10934 files) ===
  [progress] processed: 11000 / 32820  free disk (GB): 201.64 
  [progress] processed: 11500 / 32820  free disk (GB): 201.44 
  [progress] processed: 12000 / 32820  free disk (GB): 201.23 
  [progress] processed: 12500 / 32820  free disk (GB): 200.95 
  [progress] processed: 13000 / 32820  free disk (GB): 200.68 
  [progress] processed: 13500 / 32820  free disk (GB): 200.48 
  [progress] processed: 14000 / 32820  free disk (GB): 200.27 
  [progress] processed: 14500 / 32820  free disk (GB): 200.02 
  [progress] processed: 15000 / 32820  free disk (GB): 199.72 
  [progress] processed: 15500 / 32820  free disk (GB): 199.52 
  [progress] processed: 16000 / 32820  free disk (GB): 199.32 
  [progress] processed: 16500 / 32820  free disk (GB): 199.08 
  [progress] processed: 17000 / 32820  free disk (GB): 198.78 
  [progress] processed: 17500 / 32820  free disk (GB): 198.56 
  [progress] processed: 18000 / 32820  free disk (GB): 198.36 
  [progress] processed: 18500 / 32820  free disk (GB): 198.14 
  [progress] processed: 19000 / 32820  free disk (GB): 197.84 
  [progress] processed: 19500 / 32820  free disk (GB): 197.6 
  [progress] processed: 20000 / 32820  free disk (GB): 197.4 
  [progress] processed: 20500 / 32820  free disk (GB): 197.19 
  [progress] processed: 21000 / 32820  free disk (GB): 196.91 
  [progress] processed: 21500 / 32820  free disk (GB): 196.64 
=== Processing symsim ( 10940 files) ===
  [progress] processed: 22000 / 32820  free disk (GB): 196.44 
  [progress] processed: 22500 / 32820  free disk (GB): 196.23 
  [progress] processed: 23000 / 32820  free disk (GB): 195.99 
  [progress] processed: 23500 / 32820  free disk (GB): 195.69 
  [progress] processed: 24000 / 32820  free disk (GB): 195.5 
  [progress] processed: 24500 / 32820  free disk (GB): 195.29 
  [progress] processed: 25000 / 32820  free disk (GB): 195.07 
  [progress] processed: 25500 / 32820  free disk (GB): 194.77 
  [progress] processed: 26000 / 32820  free disk (GB): 194.55 
  [progress] processed: 26500 / 32820  free disk (GB): 194.35 
  [progress] processed: 27000 / 32820  free disk (GB): 194.14 
  [progress] processed: 27500 / 32820  free disk (GB): 193.85 
  [progress] processed: 28000 / 32820  free disk (GB): 193.6 
  [progress] processed: 28500 / 32820  free disk (GB): 193.41 
  [progress] processed: 29000 / 32820  free disk (GB): 193.2 
  [progress] processed: 29500 / 32820  free disk (GB): 192.93 
  [progress] processed: 30000 / 32820  free disk (GB): 192.66 
  [progress] processed: 30500 / 32820  free disk (GB): 192.46 
  [progress] processed: 31000 / 32820  free disk (GB): 192.26 
  [progress] processed: 31500 / 32820  free disk (GB): 192.01 
  [progress] processed: 32000 / 32820  free disk (GB): 191.72 
  [progress] processed: 32500 / 32820  free disk (GB): 191.52 

=== STEP 3.2 FULL RUN COMPLETE ===
