nohup: ignoring input
Total simulated files to process: 32814 

=== Processing scdesign3 ( 10940 files ) ===
  [progress] processed: 100 / 32814  free disk (GB): 130.81 
  [progress] processed: 200 / 32814  free disk (GB): 130.81 
  [progress] processed: 300 / 32814  free disk (GB): 130.81 
  [progress] processed: 400 / 32814  free disk (GB): 130.81 
  [progress] processed: 500 / 32814  free disk (GB): 130.81 
  [progress] processed: 600 / 32814  free disk (GB): 130.81 
  [progress] processed: 700 / 32814  free disk (GB): 130.81 
  [progress] processed: 800 / 32814  free disk (GB): 130.81 
  [progress] processed: 900 / 32814  free disk (GB): 130.81 
  [progress] processed: 1000 / 32814  free disk (GB): 130.81 
  [progress] processed: 1100 / 32814  free disk (GB): 130.81 
  [progress] processed: 1200 / 32814  free disk (GB): 130.81 
  [progress] processed: 1300 / 32814  free disk (GB): 130.81 
  [progress] processed: 1400 / 32814  free disk (GB): 130.81 
  [progress] processed: 1500 / 32814  free disk (GB): 130.81 
  [progress] processed: 1600 / 32814  free disk (GB): 130.81 
  [progress] processed: 1700 / 32814  free disk (GB): 130.81 
  [progress] processed: 1800 / 32814  free disk (GB): 130.81 
  [progress] processed: 1900 / 32814  free disk (GB): 130.81 
  [progress] processed: 2000 / 32814  free disk (GB): 130.81 
  [progress] processed: 2100 / 32814  free disk (GB): 130.81 
  [progress] processed: 2200 / 32814  free disk (GB): 130.81 
  [progress] processed: 2300 / 32814  free disk (GB): 130.81 
  [progress] processed: 2400 / 32814  free disk (GB): 130.81 
  [progress] processed: 2500 / 32814  free disk (GB): 130.81 
  [progress] processed: 2600 / 32814  free disk (GB): 130.81 
  [progress] processed: 2700 / 32814  free disk (GB): 130.81 
  [progress] processed: 2800 / 32814  free disk (GB): 130.81 
  [progress] processed: 2900 / 32814  free disk (GB): 130.81 
  [progress] processed: 3000 / 32814  free disk (GB): 130.81 
  [progress] processed: 3100 / 32814  free disk (GB): 130.81 
  [progress] processed: 3200 / 32814  free disk (GB): 130.81 
  [progress] processed: 3300 / 32814  free disk (GB): 130.81 
  [progress] processed: 3400 / 32814  free disk (GB): 130.81 
  [progress] processed: 3500 / 32814  free disk (GB): 130.81 
  [progress] processed: 3600 / 32814  free disk (GB): 130.81 
  [progress] processed: 3700 / 32814  free disk (GB): 130.81 
  [progress] processed: 3800 / 32814  free disk (GB): 130.81 
  [progress] processed: 3900 / 32814  free disk (GB): 130.81 
  [progress] processed: 4000 / 32814  free disk (GB): 130.81 
  [progress] processed: 4100 / 32814  free disk (GB): 130.81 
  [progress] processed: 4200 / 32814  free disk (GB): 130.81 
  [progress] processed: 4300 / 32814  free disk (GB): 130.81 
  [progress] processed: 4400 / 32814  free disk (GB): 130.81 
  [progress] processed: 4500 / 32814  free disk (GB): 130.81 
  [progress] processed: 4600 / 32814  free disk (GB): 130.81 
  [progress] processed: 4700 / 32814  free disk (GB): 130.81 
  [progress] processed: 4800 / 32814  free disk (GB): 130.81 
  [progress] processed: 4900 / 32814  free disk (GB): 130.81 
  [progress] processed: 5000 / 32814  free disk (GB): 130.81 
  [progress] processed: 5100 / 32814  free disk (GB): 130.81 
  [progress] processed: 5200 / 32814  free disk (GB): 130.81 
  [progress] processed: 5300 / 32814  free disk (GB): 130.81 
  [progress] processed: 5400 / 32814  free disk (GB): 130.81 
  [progress] processed: 5500 / 32814  free disk (GB): 130.81 
  [progress] processed: 5600 / 32814  free disk (GB): 130.81 
  [progress] processed: 5700 / 32814  free disk (GB): 130.81 
  [progress] processed: 5800 / 32814  free disk (GB): 130.81 
  [progress] processed: 5900 / 32814  free disk (GB): 130.81 
  [progress] processed: 6000 / 32814  free disk (GB): 130.81 
  [progress] processed: 6100 / 32814  free disk (GB): 130.81 
  [progress] processed: 6200 / 32814  free disk (GB): 130.81 
  [progress] processed: 6300 / 32814  free disk (GB): 130.81 
  [progress] processed: 6400 / 32814  free disk (GB): 130.81 
  [progress] processed: 6500 / 32814  free disk (GB): 130.81 
  [progress] processed: 6600 / 32814  free disk (GB): 130.81 
  [progress] processed: 6700 / 32814  free disk (GB): 130.81 
  [progress] processed: 6800 / 32814  free disk (GB): 130.81 
  [progress] processed: 6900 / 32814  free disk (GB): 130.81 
  [progress] processed: 7000 / 32814  free disk (GB): 130.81 
  [progress] processed: 7100 / 32814  free disk (GB): 130.81 
  [progress] processed: 7200 / 32814  free disk (GB): 130.81 
  [progress] processed: 7300 / 32814  free disk (GB): 130.81 
  [progress] processed: 7400 / 32814  free disk (GB): 130.81 
  [progress] processed: 7500 / 32814  free disk (GB): 130.81 
  [progress] processed: 7600 / 32814  free disk (GB): 130.81 
  [progress] processed: 7700 / 32814  free disk (GB): 130.81 
  [progress] processed: 7800 / 32814  free disk (GB): 130.81 
  [progress] processed: 7900 / 32814  free disk (GB): 130.81 
  [progress] processed: 8000 / 32814  free disk (GB): 130.81 
  [progress] processed: 8100 / 32814  free disk (GB): 130.81 
  [progress] processed: 8200 / 32814  free disk (GB): 130.81 
  [progress] processed: 8300 / 32814  free disk (GB): 130.81 
  [progress] processed: 8400 / 32814  free disk (GB): 130.81 
  [progress] processed: 8500 / 32814  free disk (GB): 130.81 
  [progress] processed: 8600 / 32814  free disk (GB): 130.81 
  [progress] processed: 8700 / 32814  free disk (GB): 130.81 
  [progress] processed: 8800 / 32814  free disk (GB): 130.81 
  [progress] processed: 8900 / 32814  free disk (GB): 130.8 
  [progress] processed: 9000 / 32814  free disk (GB): 130.8 
  [progress] processed: 9100 / 32814  free disk (GB): 130.8 
  [progress] processed: 9200 / 32814  free disk (GB): 130.8 
  [progress] processed: 9300 / 32814  free disk (GB): 130.8 
  [progress] processed: 9400 / 32814  free disk (GB): 130.8 
  [progress] processed: 9500 / 32814  free disk (GB): 130.8 
  [progress] processed: 9600 / 32814  free disk (GB): 130.8 
  [progress] processed: 9700 / 32814  free disk (GB): 130.8 
  [progress] processed: 9800 / 32814  free disk (GB): 130.8 
  [progress] processed: 9900 / 32814  free disk (GB): 130.8 
  [progress] processed: 10000 / 32814  free disk (GB): 130.8 
  [progress] processed: 10100 / 32814  free disk (GB): 130.8 
  [progress] processed: 10200 / 32814  free disk (GB): 130.8 
  [progress] processed: 10300 / 32814  free disk (GB): 130.8 
  [progress] processed: 10400 / 32814  free disk (GB): 130.8 
  [progress] processed: 10500 / 32814  free disk (GB): 130.8 
  [progress] processed: 10600 / 32814  free disk (GB): 130.8 
  [progress] processed: 10700 / 32814  free disk (GB): 130.8 
  [progress] processed: 10800 / 32814  free disk (GB): 130.8 
  [progress] processed: 10900 / 32814  free disk (GB): 130.8 
  [progress] processed: 10940 / 32814  free disk (GB): 130.8 
=== Processing splatter ( 10934 files ) ===
  [progress] processed: 11040 / 32814  free disk (GB): 130.8 
  [progress] processed: 11140 / 32814  free disk (GB): 130.8 
  [progress] processed: 11240 / 32814  free disk (GB): 130.8 
  [progress] processed: 11340 / 32814  free disk (GB): 130.8 
  [progress] processed: 11440 / 32814  free disk (GB): 130.8 
  [progress] processed: 11540 / 32814  free disk (GB): 130.8 
  [progress] processed: 11640 / 32814  free disk (GB): 130.8 
  [progress] processed: 11740 / 32814  free disk (GB): 130.8 
  [progress] processed: 11840 / 32814  free disk (GB): 130.8 
  [progress] processed: 11940 / 32814  free disk (GB): 130.8 
  [progress] processed: 12040 / 32814  free disk (GB): 130.8 
  [progress] processed: 12140 / 32814  free disk (GB): 130.8 
  [progress] processed: 12240 / 32814  free disk (GB): 130.8 
  [progress] processed: 12340 / 32814  free disk (GB): 130.8 
  [progress] processed: 12440 / 32814  free disk (GB): 130.8 
  [progress] processed: 12540 / 32814  free disk (GB): 130.8 
  [progress] processed: 12640 / 32814  free disk (GB): 130.8 
  [progress] processed: 12740 / 32814  free disk (GB): 130.8 
  [progress] processed: 12840 / 32814  free disk (GB): 130.8 
  [progress] processed: 12940 / 32814  free disk (GB): 130.8 
  [progress] processed: 13040 / 32814  free disk (GB): 130.8 
  [progress] processed: 13140 / 32814  free disk (GB): 130.8 
  [progress] processed: 13240 / 32814  free disk (GB): 130.8 
  [progress] processed: 13340 / 32814  free disk (GB): 130.8 
  [progress] processed: 13440 / 32814  free disk (GB): 130.8 
  [progress] processed: 13540 / 32814  free disk (GB): 130.8 
  [progress] processed: 13640 / 32814  free disk (GB): 130.8 
  [progress] processed: 13740 / 32814  free disk (GB): 130.8 
  [progress] processed: 13840 / 32814  free disk (GB): 130.8 
  [progress] processed: 13940 / 32814  free disk (GB): 130.8 
  [progress] processed: 14040 / 32814  free disk (GB): 130.8 
  [progress] processed: 14140 / 32814  free disk (GB): 130.8 
  [progress] processed: 14240 / 32814  free disk (GB): 130.8 
  [progress] processed: 14340 / 32814  free disk (GB): 130.8 
  [progress] processed: 14440 / 32814  free disk (GB): 130.8 
  [progress] processed: 14540 / 32814  free disk (GB): 130.8 
  [progress] processed: 14640 / 32814  free disk (GB): 130.8 
  [progress] processed: 14740 / 32814  free disk (GB): 130.8 
  [progress] processed: 14840 / 32814  free disk (GB): 130.8 
  [progress] processed: 14940 / 32814  free disk (GB): 130.8 
  [progress] processed: 15040 / 32814  free disk (GB): 130.8 
  [progress] processed: 15140 / 32814  free disk (GB): 130.8 
  [progress] processed: 15240 / 32814  free disk (GB): 130.8 
  [progress] processed: 15340 / 32814  free disk (GB): 130.8 
  [progress] processed: 15440 / 32814  free disk (GB): 130.8 
  [progress] processed: 15540 / 32814  free disk (GB): 130.8 
  [progress] processed: 15640 / 32814  free disk (GB): 130.8 
  [progress] processed: 15740 / 32814  free disk (GB): 130.8 
  [progress] processed: 15840 / 32814  free disk (GB): 130.8 
  [progress] processed: 15940 / 32814  free disk (GB): 130.8 
  [progress] processed: 16040 / 32814  free disk (GB): 130.8 
  [progress] processed: 16140 / 32814  free disk (GB): 130.8 
  [progress] processed: 16240 / 32814  free disk (GB): 130.8 
  [progress] processed: 16340 / 32814  free disk (GB): 130.8 
  [progress] processed: 16440 / 32814  free disk (GB): 130.8 
  [progress] processed: 16540 / 32814  free disk (GB): 130.8 
  [progress] processed: 16640 / 32814  free disk (GB): 130.8 
  [progress] processed: 16740 / 32814  free disk (GB): 130.8 
  [progress] processed: 16840 / 32814  free disk (GB): 130.8 
  [progress] processed: 16940 / 32814  free disk (GB): 130.8 
  [progress] processed: 17040 / 32814  free disk (GB): 130.8 
  [progress] processed: 17140 / 32814  free disk (GB): 130.8 
  [progress] processed: 17240 / 32814  free disk (GB): 130.8 
  [progress] processed: 17340 / 32814  free disk (GB): 130.8 
  [progress] processed: 17440 / 32814  free disk (GB): 130.8 
  [progress] processed: 17540 / 32814  free disk (GB): 130.8 
  [progress] processed: 17640 / 32814  free disk (GB): 130.8 
  [progress] processed: 17740 / 32814  free disk (GB): 130.8 
  [progress] processed: 17840 / 32814  free disk (GB): 130.8 
  [progress] processed: 17940 / 32814  free disk (GB): 130.8 
  [progress] processed: 18040 / 32814  free disk (GB): 130.8 
  [progress] processed: 18140 / 32814  free disk (GB): 130.8 
  [progress] processed: 18240 / 32814  free disk (GB): 130.8 
  [progress] processed: 18340 / 32814  free disk (GB): 130.8 
  [progress] processed: 18440 / 32814  free disk (GB): 130.8 
  [progress] processed: 18540 / 32814  free disk (GB): 130.8 
  [progress] processed: 18640 / 32814  free disk (GB): 130.8 
  [progress] processed: 18740 / 32814  free disk (GB): 130.8 
  [progress] processed: 18840 / 32814  free disk (GB): 130.8 
  [progress] processed: 18940 / 32814  free disk (GB): 130.8 
  [progress] processed: 19040 / 32814  free disk (GB): 130.8 
  [progress] processed: 19140 / 32814  free disk (GB): 130.8 
  [progress] processed: 19240 / 32814  free disk (GB): 130.8 
  [progress] processed: 19340 / 32814  free disk (GB): 130.8 
  [progress] processed: 19440 / 32814  free disk (GB): 130.8 
  [progress] processed: 19540 / 32814  free disk (GB): 130.8 
  [progress] processed: 19640 / 32814  free disk (GB): 130.8 
  [progress] processed: 19740 / 32814  free disk (GB): 130.8 
  [progress] processed: 19840 / 32814  free disk (GB): 130.8 
  [progress] processed: 19940 / 32814  free disk (GB): 130.8 
  [progress] processed: 20040 / 32814  free disk (GB): 130.8 
  [progress] processed: 20140 / 32814  free disk (GB): 130.8 
  [progress] processed: 20240 / 32814  free disk (GB): 130.8 
  [progress] processed: 20340 / 32814  free disk (GB): 130.8 
  [progress] processed: 20440 / 32814  free disk (GB): 130.8 
  [progress] processed: 20540 / 32814  free disk (GB): 130.8 
  [progress] processed: 20640 / 32814  free disk (GB): 130.8 
  [progress] processed: 20740 / 32814  free disk (GB): 130.8 
  [progress] processed: 20840 / 32814  free disk (GB): 130.8 
  [progress] processed: 20940 / 32814  free disk (GB): 130.8 
  [progress] processed: 21040 / 32814  free disk (GB): 130.8 
  [progress] processed: 21140 / 32814  free disk (GB): 130.8 
  [progress] processed: 21240 / 32814  free disk (GB): 130.8 
  [progress] processed: 21340 / 32814  free disk (GB): 130.8 
  [progress] processed: 21440 / 32814  free disk (GB): 130.8 
  [progress] processed: 21540 / 32814  free disk (GB): 130.8 
  [progress] processed: 21640 / 32814  free disk (GB): 130.8 
  [progress] processed: 21740 / 32814  free disk (GB): 130.8 
  [progress] processed: 21840 / 32814  free disk (GB): 130.8 
  [progress] processed: 21874 / 32814  free disk (GB): 130.8 
=== Processing symsim ( 10940 files ) ===
  [progress] processed: 21974 / 32814  free disk (GB): 130.8 
  [progress] processed: 22074 / 32814  free disk (GB): 130.8 
  [progress] processed: 22174 / 32814  free disk (GB): 130.8 
  [progress] processed: 22274 / 32814  free disk (GB): 130.8 
  [progress] processed: 22374 / 32814  free disk (GB): 130.8 
  [progress] processed: 22474 / 32814  free disk (GB): 130.8 
  [progress] processed: 22574 / 32814  free disk (GB): 130.8 
  [progress] processed: 22674 / 32814  free disk (GB): 130.8 
  [progress] processed: 22774 / 32814  free disk (GB): 130.8 
  [progress] processed: 22874 / 32814  free disk (GB): 130.8 
  [progress] processed: 22974 / 32814  free disk (GB): 130.8 
  [progress] processed: 23074 / 32814  free disk (GB): 130.8 
  [progress] processed: 23174 / 32814  free disk (GB): 130.8 
  [progress] processed: 23274 / 32814  free disk (GB): 130.8 
  [progress] processed: 23374 / 32814  free disk (GB): 130.8 
  [progress] processed: 23474 / 32814  free disk (GB): 130.77 
  [progress] processed: 23574 / 32814  free disk (GB): 130.7 
  [progress] processed: 23674 / 32814  free disk (GB): 130.64 
  [progress] processed: 23774 / 32814  free disk (GB): 130.56 
  [progress] processed: 23874 / 32814  free disk (GB): 130.4 
  [progress] processed: 23974 / 32814  free disk (GB): 130.33 
  [progress] processed: 24074 / 32814  free disk (GB): 130.27 
  [progress] processed: 24174 / 32814  free disk (GB): 130.2 
  [progress] processed: 24274 / 32814  free disk (GB): 130.04 
  [progress] processed: 24374 / 32814  free disk (GB): 129.96 
  [progress] processed: 24474 / 32814  free disk (GB): 129.9 
  [progress] processed: 24574 / 32814  free disk (GB): 129.83 
  [progress] processed: 24674 / 32814  free disk (GB): 129.67 
  [progress] processed: 24774 / 32814  free disk (GB): 129.59 
  [progress] processed: 24874 / 32814  free disk (GB): 129.53 
  [progress] processed: 24974 / 32814  free disk (GB): 129.46 
  [progress] processed: 25074 / 32814  free disk (GB): 129.31 
  [progress] processed: 25174 / 32814  free disk (GB): 129.22 
  [progress] processed: 25274 / 32814  free disk (GB): 129.16 
  [progress] processed: 25374 / 32814  free disk (GB): 129.09 
  [progress] processed: 25474 / 32814  free disk (GB): 128.94 
  [progress] processed: 25574 / 32814  free disk (GB): 128.84 
  [progress] processed: 25674 / 32814  free disk (GB): 128.79 
  [progress] processed: 25774 / 32814  free disk (GB): 128.73 
  [progress] processed: 25874 / 32814  free disk (GB): 128.58 
  [progress] processed: 25974 / 32814  free disk (GB): 128.48 
  [progress] processed: 26074 / 32814  free disk (GB): 128.42 
  [progress] processed: 26174 / 32814  free disk (GB): 128.35 
  [progress] processed: 26274 / 32814  free disk (GB): 128.21 
  [progress] processed: 26374 / 32814  free disk (GB): 128.1 
  [progress] processed: 26474 / 32814  free disk (GB): 128.05 
  [progress] processed: 26574 / 32814  free disk (GB): 127.98 
  [progress] processed: 26674 / 32814  free disk (GB): 127.85 
  [progress] processed: 26774 / 32814  free disk (GB): 127.73 
  [progress] processed: 26874 / 32814  free disk (GB): 127.68 
  [progress] processed: 26974 / 32814  free disk (GB): 127.62 
  [progress] processed: 27074 / 32814  free disk (GB): 127.48 
  [progress] processed: 27174 / 32814  free disk (GB): 127.36 
  [progress] processed: 27274 / 32814  free disk (GB): 127.31 
  [progress] processed: 27374 / 32814  free disk (GB): 127.25 
  [progress] processed: 27474 / 32814  free disk (GB): 127.12 
  [progress] processed: 27574 / 32814  free disk (GB): 126.99 
  [progress] processed: 27674 / 32814  free disk (GB): 126.94 
  [progress] processed: 27774 / 32814  free disk (GB): 126.87 
  [progress] processed: 27874 / 32814  free disk (GB): 126.75 
  [progress] processed: 27974 / 32814  free disk (GB): 126.62 
  [progress] processed: 28074 / 32814  free disk (GB): 126.57 
  [progress] processed: 28174 / 32814  free disk (GB): 126.51 
  [progress] processed: 28274 / 32814  free disk (GB): 126.39 
  [progress] processed: 28374 / 32814  free disk (GB): 126.25 
  [progress] processed: 28474 / 32814  free disk (GB): 126.2 
  [progress] processed: 28574 / 32814  free disk (GB): 126.14 
  [progress] processed: 28674 / 32814  free disk (GB): 126.02 
  [progress] processed: 28774 / 32814  free disk (GB): 125.88 
  [progress] processed: 28874 / 32814  free disk (GB): 125.83 
  [progress] processed: 28974 / 32814  free disk (GB): 125.77 
  [progress] processed: 29074 / 32814  free disk (GB): 125.66 
  [progress] processed: 29174 / 32814  free disk (GB): 125.51 
  [progress] processed: 29274 / 32814  free disk (GB): 125.46 
  [progress] processed: 29374 / 32814  free disk (GB): 125.4 
  [progress] processed: 29474 / 32814  free disk (GB): 125.29 
  [progress] processed: 29574 / 32814  free disk (GB): 125.14 
  [progress] processed: 29674 / 32814  free disk (GB): 125.09 
  [progress] processed: 29774 / 32814  free disk (GB): 125.03 
  [progress] processed: 29874 / 32814  free disk (GB): 124.93 
  [progress] processed: 29974 / 32814  free disk (GB): 124.77 
  [progress] processed: 30074 / 32814  free disk (GB): 124.72 
  [progress] processed: 30174 / 32814  free disk (GB): 124.66 
  [progress] processed: 30274 / 32814  free disk (GB): 124.56 
  [progress] processed: 30374 / 32814  free disk (GB): 124.4 
  [progress] processed: 30474 / 32814  free disk (GB): 124.35 
  [progress] processed: 30574 / 32814  free disk (GB): 124.29 
  [progress] processed: 30674 / 32814  free disk (GB): 124.2 
  [progress] processed: 30774 / 32814  free disk (GB): 124.04 
  [progress] processed: 30874 / 32814  free disk (GB): 123.98 
  [progress] processed: 30974 / 32814  free disk (GB): 123.92 
  [progress] processed: 31074 / 32814  free disk (GB): 123.83 
  [progress] processed: 31174 / 32814  free disk (GB): 123.67 
  [progress] processed: 31274 / 32814  free disk (GB): 123.61 
  [progress] processed: 31374 / 32814  free disk (GB): 123.55 
  [progress] processed: 31474 / 32814  free disk (GB): 123.46 
  [progress] processed: 31574 / 32814  free disk (GB): 123.31 
  [progress] processed: 31674 / 32814  free disk (GB): 123.24 
  [progress] processed: 31774 / 32814  free disk (GB): 123.18 
  [progress] processed: 31874 / 32814  free disk (GB): 123.1 
  [progress] processed: 31974 / 32814  free disk (GB): 122.94 
  [progress] processed: 32074 / 32814  free disk (GB): 122.87 
  [progress] processed: 32174 / 32814  free disk (GB): 122.81 
  [progress] processed: 32274 / 32814  free disk (GB): 122.74 
  [progress] processed: 32374 / 32814  free disk (GB): 122.58 
  [progress] processed: 32474 / 32814  free disk (GB): 122.49 
  [progress] processed: 32574 / 32814  free disk (GB): 122.44 
  [progress] processed: 32674 / 32814  free disk (GB): 122.37 
  [progress] processed: 32774 / 32814  free disk (GB): 122.21 
  [progress] processed: 32814 / 32814  free disk (GB): 122.15 

=== SIMULATED-DATA PHASE COMPLETE ===
