nohup: ignoring input
Splatter exclusion manifest loaded: 6 files
Splatter: excluded 0 files per manifest
Total files to process: 32820 

Real: baron - skipped_existing 
Real: muraro - skipped_existing 
Real: pbmc68k - skipped_existing 
Real: segerstolpe - skipped_existing 
Real: tabula_sapiens_lung - skipped_existing 
Real: tasic2018 - skipped_existing 
=== Processing scdesign3 ( 10940 files ) ===
  [progress] processed: 206 / 32820  free disk (GB): 164.72 
  [progress] processed: 406 / 32820  free disk (GB): 164.72 
  [progress] processed: 606 / 32820  free disk (GB): 164.72 
  [progress] processed: 806 / 32820  free disk (GB): 164.72 
  [progress] processed: 1006 / 32820  free disk (GB): 164.7 
  [progress] processed: 1206 / 32820  free disk (GB): 164.62 
  [progress] processed: 1406 / 32820  free disk (GB): 164.6 
  [progress] processed: 1606 / 32820  free disk (GB): 164.52 
  [progress] processed: 1806 / 32820  free disk (GB): 164.49 
  [progress] processed: 2006 / 32820  free disk (GB): 164.42 
  [progress] processed: 2206 / 32820  free disk (GB): 164.39 
  [progress] processed: 2406 / 32820  free disk (GB): 164.32 
  [progress] processed: 2606 / 32820  free disk (GB): 164.29 
  [progress] processed: 2806 / 32820  free disk (GB): 164.23 
  [progress] processed: 3006 / 32820  free disk (GB): 164.19 
  [progress] processed: 3206 / 32820  free disk (GB): 164.13 
  [progress] processed: 3406 / 32820  free disk (GB): 164.09 
  [progress] processed: 3606 / 32820  free disk (GB): 164.03 
  [progress] processed: 3806 / 32820  free disk (GB): 163.99 
  [progress] processed: 4006 / 32820  free disk (GB): 163.93 
  [progress] processed: 4206 / 32820  free disk (GB): 163.89 
  [progress] processed: 4406 / 32820  free disk (GB): 163.83 
  [progress] processed: 4606 / 32820  free disk (GB): 163.79 
  [progress] processed: 4806 / 32820  free disk (GB): 163.73 
  [progress] processed: 5006 / 32820  free disk (GB): 163.68 
  [progress] processed: 5206 / 32820  free disk (GB): 163.63 
  [progress] processed: 5406 / 32820  free disk (GB): 163.58 
  [progress] processed: 5606 / 32820  free disk (GB): 163.53 
  [progress] processed: 5806 / 32820  free disk (GB): 163.48 
  [progress] processed: 6006 / 32820  free disk (GB): 163.43 
  [progress] processed: 6206 / 32820  free disk (GB): 163.38 
  [progress] processed: 6406 / 32820  free disk (GB): 163.33 
  [progress] processed: 6606 / 32820  free disk (GB): 163.28 
  [progress] processed: 6806 / 32820  free disk (GB): 163.23 
  [progress] processed: 7006 / 32820  free disk (GB): 163.17 
  [progress] processed: 7206 / 32820  free disk (GB): 163.13 
  [progress] processed: 7406 / 32820  free disk (GB): 163.07 
  [progress] processed: 7606 / 32820  free disk (GB): 163.02 
  [progress] processed: 7806 / 32820  free disk (GB): 162.97 
  [progress] processed: 8006 / 32820  free disk (GB): 162.92 
  [progress] processed: 8206 / 32820  free disk (GB): 162.87 
  [progress] processed: 8406 / 32820  free disk (GB): 162.82 
  [progress] processed: 8606 / 32820  free disk (GB): 162.76 
  [progress] processed: 8806 / 32820  free disk (GB): 162.72 
  [progress] processed: 9006 / 32820  free disk (GB): 162.66 
  [progress] processed: 9206 / 32820  free disk (GB): 162.62 
  [progress] processed: 9406 / 32820  free disk (GB): 162.56 
  [progress] processed: 9606 / 32820  free disk (GB): 162.52 
  [progress] processed: 9806 / 32820  free disk (GB): 162.46 
  [progress] processed: 10006 / 32820  free disk (GB): 162.42 
  [progress] processed: 10206 / 32820  free disk (GB): 162.36 
  [progress] processed: 10406 / 32820  free disk (GB): 162.32 
  [progress] processed: 10606 / 32820  free disk (GB): 162.25 
  [progress] processed: 10806 / 32820  free disk (GB): 162.22 
  [progress] processed: 10946 / 32820  free disk (GB): 162.15 
=== Processing splatter ( 10934 files ) ===
  [progress] processed: 11146 / 32820  free disk (GB): 162.13 
  [progress] processed: 11346 / 32820  free disk (GB): 161.97 
  [progress] processed: 11546 / 32820  free disk (GB): 161.94 
  [progress] processed: 11746 / 32820  free disk (GB): 161.78 
  [progress] processed: 11946 / 32820  free disk (GB): 161.75 
  [progress] processed: 12146 / 32820  free disk (GB): 161.59 
  [progress] processed: 12346 / 32820  free disk (GB): 161.56 
  [progress] processed: 12546 / 32820  free disk (GB): 161.41 
  [progress] processed: 12746 / 32820  free disk (GB): 161.37 
  [progress] processed: 12946 / 32820  free disk (GB): 161.22 
  [progress] processed: 13146 / 32820  free disk (GB): 161.18 
  [progress] processed: 13346 / 32820  free disk (GB): 161.04 
  [progress] processed: 13546 / 32820  free disk (GB): 160.99 
  [progress] processed: 13746 / 32820  free disk (GB): 160.85 
  [progress] processed: 13946 / 32820  free disk (GB): 160.79 
  [progress] processed: 14146 / 32820  free disk (GB): 160.66 
  [progress] processed: 14346 / 32820  free disk (GB): 160.6 
  [progress] processed: 14546 / 32820  free disk (GB): 160.47 
  [progress] processed: 14746 / 32820  free disk (GB): 160.41 
  [progress] processed: 14946 / 32820  free disk (GB): 160.28 
  [progress] processed: 15146 / 32820  free disk (GB): 160.22 
  [progress] processed: 15346 / 32820  free disk (GB): 160.1 
  [progress] processed: 15546 / 32820  free disk (GB): 160.03 
  [progress] processed: 15746 / 32820  free disk (GB): 159.92 
  [progress] processed: 15946 / 32820  free disk (GB): 159.84 
  [progress] processed: 16146 / 32820  free disk (GB): 159.73 
  [progress] processed: 16346 / 32820  free disk (GB): 159.65 
  [progress] processed: 16546 / 32820  free disk (GB): 159.54 
  [progress] processed: 16746 / 32820  free disk (GB): 159.46 
  [progress] processed: 16946 / 32820  free disk (GB): 159.35 
  [progress] processed: 17146 / 32820  free disk (GB): 159.27 
  [progress] processed: 17346 / 32820  free disk (GB): 159.17 
  [progress] processed: 17546 / 32820  free disk (GB): 159.07 
  [progress] processed: 17746 / 32820  free disk (GB): 158.98 
  [progress] processed: 17946 / 32820  free disk (GB): 158.88 
  [progress] processed: 18146 / 32820  free disk (GB): 158.79 
  [progress] processed: 18346 / 32820  free disk (GB): 158.69 
  [progress] processed: 18546 / 32820  free disk (GB): 158.61 
  [progress] processed: 18746 / 32820  free disk (GB): 158.5 
  [progress] processed: 18946 / 32820  free disk (GB): 158.42 
  [progress] processed: 19146 / 32820  free disk (GB): 158.31 
  [progress] processed: 19346 / 32820  free disk (GB): 158.23 
  [progress] processed: 19546 / 32820  free disk (GB): 158.11 
  [progress] processed: 19746 / 32820  free disk (GB): 158.05 
  [progress] processed: 19946 / 32820  free disk (GB): 157.92 
  [progress] processed: 20146 / 32820  free disk (GB): 157.86 
  [progress] processed: 20346 / 32820  free disk (GB): 157.73 
  [progress] processed: 20546 / 32820  free disk (GB): 157.67 
  [progress] processed: 20746 / 32820  free disk (GB): 157.54 
  [progress] processed: 20946 / 32820  free disk (GB): 157.48 
  [progress] processed: 21146 / 32820  free disk (GB): 157.34 
  [progress] processed: 21346 / 32820  free disk (GB): 157.3 
  [progress] processed: 21546 / 32820  free disk (GB): 157.15 
  [progress] processed: 21746 / 32820  free disk (GB): 157.11 
  [progress] processed: 21880 / 32820  free disk (GB): 156.96 
=== Processing symsim ( 10940 files ) ===
  [progress] processed: 22080 / 32820  free disk (GB): 156.94 
  [progress] processed: 22280 / 32820  free disk (GB): 156.77 
  [progress] processed: 22480 / 32820  free disk (GB): 156.75 
  [progress] processed: 22680 / 32820  free disk (GB): 156.59 
  [progress] processed: 22880 / 32820  free disk (GB): 156.56 
  [progress] processed: 23080 / 32820  free disk (GB): 156.4 
  [progress] processed: 23280 / 32820  free disk (GB): 156.36 
  [progress] processed: 23480 / 32820  free disk (GB): 156.21 
  [progress] processed: 23680 / 32820  free disk (GB): 156.17 
  [progress] processed: 23880 / 32820  free disk (GB): 156.02 
  [progress] processed: 24080 / 32820  free disk (GB): 155.98 
  [progress] processed: 24280 / 32820  free disk (GB): 155.84 
  [progress] processed: 24480 / 32820  free disk (GB): 155.79 
  [progress] processed: 24680 / 32820  free disk (GB): 155.65 
  [progress] processed: 24880 / 32820  free disk (GB): 155.6 
  [progress] processed: 25080 / 32820  free disk (GB): 155.46 
  [progress] processed: 25280 / 32820  free disk (GB): 155.4 
  [progress] processed: 25480 / 32820  free disk (GB): 155.27 
  [progress] processed: 25680 / 32820  free disk (GB): 155.21 
  [progress] processed: 25880 / 32820  free disk (GB): 155.09 
  [progress] processed: 26080 / 32820  free disk (GB): 155.02 
  [progress] processed: 26280 / 32820  free disk (GB): 154.9 
  [progress] processed: 26480 / 32820  free disk (GB): 154.83 
  [progress] processed: 26680 / 32820  free disk (GB): 154.71 
  [progress] processed: 26880 / 32820  free disk (GB): 154.64 
  [progress] processed: 27080 / 32820  free disk (GB): 154.52 
  [progress] processed: 27280 / 32820  free disk (GB): 154.44 
  [progress] processed: 27480 / 32820  free disk (GB): 154.34 
  [progress] processed: 27680 / 32820  free disk (GB): 154.25 
  [progress] processed: 27880 / 32820  free disk (GB): 154.15 
  [progress] processed: 28080 / 32820  free disk (GB): 154.06 
  [progress] processed: 28280 / 32820  free disk (GB): 153.96 
  [progress] processed: 28480 / 32820  free disk (GB): 153.86 
  [progress] processed: 28680 / 32820  free disk (GB): 153.78 
  [progress] processed: 28880 / 32820  free disk (GB): 153.67 
  [progress] processed: 29080 / 32820  free disk (GB): 153.59 
  [progress] processed: 29280 / 32820  free disk (GB): 153.48 
  [progress] processed: 29480 / 32820  free disk (GB): 153.4 
  [progress] processed: 29680 / 32820  free disk (GB): 153.29 
  [progress] processed: 29880 / 32820  free disk (GB): 153.21 
  [progress] processed: 30080 / 32820  free disk (GB): 153.09 
  [progress] processed: 30280 / 32820  free disk (GB): 153.03 
  [progress] processed: 30480 / 32820  free disk (GB): 152.9 
  [progress] processed: 30680 / 32820  free disk (GB): 152.84 
  [progress] processed: 30880 / 32820  free disk (GB): 152.71 
  [progress] processed: 31080 / 32820  free disk (GB): 152.65 
  [progress] processed: 31280 / 32820  free disk (GB): 152.51 
  [progress] processed: 31480 / 32820  free disk (GB): 152.46 
  [progress] processed: 31680 / 32820  free disk (GB): 152.32 
  [progress] processed: 31880 / 32820  free disk (GB): 152.28 
  [progress] processed: 32080 / 32820  free disk (GB): 152.13 
  [progress] processed: 32280 / 32820  free disk (GB): 152.09 
  [progress] processed: 32480 / 32820  free disk (GB): 151.94 
  [progress] processed: 32680 / 32820  free disk (GB): 151.9 
  [progress] processed: 32820 / 32820  free disk (GB): 151.75 

=== STEP 3.5 FULL RUN COMPLETE ===
