nohup: ignoring input
Splatter exclusion manifest loaded: 6 files
Total files to process: 32820 

Real: baron - skipped_existing 
Real: muraro - skipped_existing 
Real: pbmc68k - skipped_existing 
Real: segerstolpe - skipped_existing 
Real: tabula_sapiens_lung - skipped_existing 
Real: tasic2018 - skipped_existing 
=== Processing scdesign3 ( 10940 files ) ===
  [progress] processed: 206 / 32820  free disk (GB): 90.97 
Error in sendMaster(try(eval(expr, env), silent = TRUE), FALSE) : 
  ignoring SIGPIPE signal
Calls: mclapply -> mcparallel -> sendMaster
Error in sendMaster(try(eval(expr, env), silent = TRUE), FALSE) : 
  ignoring SIGPIPE signal
Calls: mclapply -> mcparallel -> sendMaster
Error in sendMaster(try(eval(expr, env), silent = TRUE), FALSE) : 
  ignoring SIGPIPE signal
Calls: mclapply -> mcparallel -> sendMaster
