nohup: ignoring input
Total simulated files to process: 32814 

=== Processing scdesign3 ( 10940 files ) ===
  [progress] processed: 100 / 32814  free disk (GB): 149.6 
  [progress] processed: 200 / 32814  free disk (GB): 149.6 
  [progress] processed: 300 / 32814  free disk (GB): 149.6 
  [progress] processed: 400 / 32814  free disk (GB): 149.6 
  [progress] processed: 500 / 32814  free disk (GB): 149.6 
  [progress] processed: 600 / 32814  free disk (GB): 149.6 
  [progress] processed: 700 / 32814  free disk (GB): 149.6 
  [progress] processed: 800 / 32814  free disk (GB): 149.6 
  [progress] processed: 900 / 32814  free disk (GB): 149.6 
  [progress] processed: 1000 / 32814  free disk (GB): 149.6 
  [progress] processed: 1100 / 32814  free disk (GB): 149.6 
  [progress] processed: 1200 / 32814  free disk (GB): 149.6 
  [progress] processed: 1300 / 32814  free disk (GB): 149.6 
  [progress] processed: 1400 / 32814  free disk (GB): 149.6 
  [progress] processed: 1500 / 32814  free disk (GB): 149.6 
  [progress] processed: 1600 / 32814  free disk (GB): 149.6 
  [progress] processed: 1700 / 32814  free disk (GB): 149.6 
  [progress] processed: 1800 / 32814  free disk (GB): 149.6 
  [progress] processed: 1900 / 32814  free disk (GB): 149.6 
  [progress] processed: 2000 / 32814  free disk (GB): 149.6 
  [progress] processed: 2100 / 32814  free disk (GB): 149.6 
  [progress] processed: 2200 / 32814  free disk (GB): 149.6 
  [progress] processed: 2300 / 32814  free disk (GB): 149.6 
  [progress] processed: 2400 / 32814  free disk (GB): 149.6 
  [progress] processed: 2500 / 32814  free disk (GB): 149.6 
  [progress] processed: 2600 / 32814  free disk (GB): 149.6 
  [progress] processed: 2700 / 32814  free disk (GB): 149.6 
  [progress] processed: 2800 / 32814  free disk (GB): 149.6 
  [progress] processed: 2900 / 32814  free disk (GB): 149.6 
  [progress] processed: 3000 / 32814  free disk (GB): 149.6 
  [progress] processed: 3100 / 32814  free disk (GB): 149.6 
  [progress] processed: 3200 / 32814  free disk (GB): 149.6 
  [progress] processed: 3300 / 32814  free disk (GB): 149.6 
  [progress] processed: 3400 / 32814  free disk (GB): 149.58 
  [progress] processed: 3500 / 32814  free disk (GB): 149.52 
  [progress] processed: 3600 / 32814  free disk (GB): 149.44 
  [progress] processed: 3700 / 32814  free disk (GB): 149.37 
  [progress] processed: 3800 / 32814  free disk (GB): 149.33 
  [progress] processed: 3900 / 32814  free disk (GB): 149.26 
  [progress] processed: 4000 / 32814  free disk (GB): 149.18 
  [progress] processed: 4100 / 32814  free disk (GB): 149.11 
  [progress] processed: 4200 / 32814  free disk (GB): 149.07 
  [progress] processed: 4300 / 32814  free disk (GB): 149.01 
  [progress] processed: 4400 / 32814  free disk (GB): 148.93 
  [progress] processed: 4500 / 32814  free disk (GB): 148.86 
  [progress] processed: 4600 / 32814  free disk (GB): 148.82 
  [progress] processed: 4700 / 32814  free disk (GB): 148.76 
  [progress] processed: 4800 / 32814  free disk (GB): 148.68 
  [progress] processed: 4900 / 32814  free disk (GB): 148.6 
  [progress] processed: 5000 / 32814  free disk (GB): 148.57 
  [progress] processed: 5100 / 32814  free disk (GB): 148.5 
  [progress] processed: 5200 / 32814  free disk (GB): 148.43 
  [progress] processed: 5300 / 32814  free disk (GB): 148.35 
  [progress] processed: 5400 / 32814  free disk (GB): 148.31 
  [progress] processed: 5500 / 32814  free disk (GB): 148.25 
  [progress] processed: 5600 / 32814  free disk (GB): 148.17 
  [progress] processed: 5700 / 32814  free disk (GB): 148.09 
  [progress] processed: 5800 / 32814  free disk (GB): 148.06 
  [progress] processed: 5900 / 32814  free disk (GB): 148 
  [progress] processed: 6000 / 32814  free disk (GB): 147.92 
  [progress] processed: 6100 / 32814  free disk (GB): 147.84 
  [progress] processed: 6200 / 32814  free disk (GB): 147.8 
  [progress] processed: 6300 / 32814  free disk (GB): 147.74 
  [progress] processed: 6400 / 32814  free disk (GB): 147.67 
  [progress] processed: 6500 / 32814  free disk (GB): 147.58 
  [progress] processed: 6600 / 32814  free disk (GB): 147.55 
  [progress] processed: 6700 / 32814  free disk (GB): 147.49 
  [progress] processed: 6800 / 32814  free disk (GB): 147.42 
  [progress] processed: 6900 / 32814  free disk (GB): 147.33 
  [progress] processed: 7000 / 32814  free disk (GB): 147.29 
  [progress] processed: 7100 / 32814  free disk (GB): 147.24 
  [progress] processed: 7200 / 32814  free disk (GB): 147.17 
  [progress] processed: 7300 / 32814  free disk (GB): 147.08 
  [progress] processed: 7400 / 32814  free disk (GB): 147.04 
  [progress] processed: 7500 / 32814  free disk (GB): 146.98 
  [progress] processed: 7600 / 32814  free disk (GB): 146.91 
  [progress] processed: 7700 / 32814  free disk (GB): 146.82 
  [progress] processed: 7800 / 32814  free disk (GB): 146.78 
  [progress] processed: 7900 / 32814  free disk (GB): 146.73 
  [progress] processed: 8000 / 32814  free disk (GB): 146.66 
  [progress] processed: 8100 / 32814  free disk (GB): 146.57 
  [progress] processed: 8200 / 32814  free disk (GB): 146.53 
  [progress] processed: 8300 / 32814  free disk (GB): 146.48 
  [progress] processed: 8400 / 32814  free disk (GB): 146.41 
  [progress] processed: 8500 / 32814  free disk (GB): 146.32 
  [progress] processed: 8600 / 32814  free disk (GB): 146.28 
  [progress] processed: 8700 / 32814  free disk (GB): 146.22 
  [progress] processed: 8800 / 32814  free disk (GB): 146.15 
  [progress] processed: 8900 / 32814  free disk (GB): 146.06 
  [progress] processed: 9000 / 32814  free disk (GB): 146.02 
  [progress] processed: 9100 / 32814  free disk (GB): 145.97 
  [progress] processed: 9200 / 32814  free disk (GB): 145.9 
  [progress] processed: 9300 / 32814  free disk (GB): 145.81 
  [progress] processed: 9400 / 32814  free disk (GB): 145.77 
  [progress] processed: 9500 / 32814  free disk (GB): 145.72 
  [progress] processed: 9600 / 32814  free disk (GB): 145.65 
  [progress] processed: 9700 / 32814  free disk (GB): 145.56 
  [progress] processed: 9800 / 32814  free disk (GB): 145.51 
  [progress] processed: 9900 / 32814  free disk (GB): 145.46 
  [progress] processed: 10000 / 32814  free disk (GB): 145.4 
  [progress] processed: 10100 / 32814  free disk (GB): 145.31 
  [progress] processed: 10200 / 32814  free disk (GB): 145.26 
  [progress] processed: 10300 / 32814  free disk (GB): 145.21 
  [progress] processed: 10400 / 32814  free disk (GB): 145.14 
  [progress] processed: 10500 / 32814  free disk (GB): 145.06 
  [progress] processed: 10600 / 32814  free disk (GB): 145 
  [progress] processed: 10700 / 32814  free disk (GB): 144.96 
  [progress] processed: 10800 / 32814  free disk (GB): 144.89 
  [progress] processed: 10900 / 32814  free disk (GB): 144.81 
  [progress] processed: 10940 / 32814  free disk (GB): 144.77 
=== Processing splatter ( 10934 files ) ===
  [progress] processed: 11040 / 32814  free disk (GB): 144.7 
  [progress] processed: 11140 / 32814  free disk (GB): 144.62 
  [progress] processed: 11240 / 32814  free disk (GB): 144.5 
  [progress] processed: 11340 / 32814  free disk (GB): 144.31 
  [progress] processed: 11440 / 32814  free disk (GB): 144.24 
  [progress] processed: 11540 / 32814  free disk (GB): 144.16 
  [progress] processed: 11640 / 32814  free disk (GB): 144.04 
  [progress] processed: 11740 / 32814  free disk (GB): 143.86 
  [progress] processed: 11840 / 32814  free disk (GB): 143.78 
  [progress] processed: 11940 / 32814  free disk (GB): 143.7 
  [progress] processed: 12040 / 32814  free disk (GB): 143.59 
  [progress] processed: 12140 / 32814  free disk (GB): 143.4 
  [progress] processed: 12240 / 32814  free disk (GB): 143.32 
  [progress] processed: 12340 / 32814  free disk (GB): 143.24 
  [progress] processed: 12440 / 32814  free disk (GB): 143.13 
  [progress] processed: 12540 / 32814  free disk (GB): 142.95 
  [progress] processed: 12640 / 32814  free disk (GB): 142.86 
  [progress] processed: 12740 / 32814  free disk (GB): 142.78 
  [progress] processed: 12840 / 32814  free disk (GB): 142.68 
  [progress] processed: 12940 / 32814  free disk (GB): 142.49 
  [progress] processed: 13040 / 32814  free disk (GB): 142.4 
  [progress] processed: 13140 / 32814  free disk (GB): 142.32 
  [progress] processed: 13240 / 32814  free disk (GB): 142.22 
