nohup: ignoring input
Splatter exclusion manifest loaded: 6 files
Total files to process: 32820 

Real: baron - skipped_existing 
Real: muraro - skipped_existing 
Real: pbmc68k - skipped_existing 
Real: segerstolpe - skipped_existing 
Real: tabula_sapiens_lung - skipped_existing 
Real: tasic2018 - skipped_existing 
=== Processing scdesign3 ( 10940 files ) ===
  [progress] processed: 206 / 32820  free disk (GB): 90.9 
  [progress] processed: 406 / 32820  free disk (GB): 90.75 
  [progress] processed: 606 / 32820  free disk (GB): 90.67 
  [progress] processed: 806 / 32820  free disk (GB): 90.53 
  [progress] processed: 1006 / 32820  free disk (GB): 90.45 
  [progress] processed: 1206 / 32820  free disk (GB): 90.31 
  [progress] processed: 1406 / 32820  free disk (GB): 90.23 
  [progress] processed: 1606 / 32820  free disk (GB): 90.09 
  [progress] processed: 1806 / 32820  free disk (GB): 90.01 
  [progress] processed: 2006 / 32820  free disk (GB): 89.87 
  [progress] processed: 2206 / 32820  free disk (GB): 89.78 
  [progress] processed: 2406 / 32820  free disk (GB): 89.65 
  [progress] processed: 2606 / 32820  free disk (GB): 89.56 
  [progress] processed: 2806 / 32820  free disk (GB): 89.42 
  [progress] processed: 3006 / 32820  free disk (GB): 89.34 
  [progress] processed: 3206 / 32820  free disk (GB): 89.2 
  [progress] processed: 3406 / 32820  free disk (GB): 89.12 
  [progress] processed: 3606 / 32820  free disk (GB): 88.98 
  [progress] processed: 3806 / 32820  free disk (GB): 88.89 
  [progress] processed: 4006 / 32820  free disk (GB): 88.76 
  [progress] processed: 4206 / 32820  free disk (GB): 88.67 
  [progress] processed: 4406 / 32820  free disk (GB): 88.54 
  [progress] processed: 4606 / 32820  free disk (GB): 88.45 
  [progress] processed: 4806 / 32820  free disk (GB): 88.32 
  [progress] processed: 5006 / 32820  free disk (GB): 88.23 
  [progress] processed: 5206 / 32820  free disk (GB): 88.1 
  [progress] processed: 5406 / 32820  free disk (GB): 88 
  [progress] processed: 5606 / 32820  free disk (GB): 87.88 
  [progress] processed: 5806 / 32820  free disk (GB): 87.78 
  [progress] processed: 6006 / 32820  free disk (GB): 87.66 
  [progress] processed: 6206 / 32820  free disk (GB): 87.55 
  [progress] processed: 6406 / 32820  free disk (GB): 87.43 
  [progress] processed: 6606 / 32820  free disk (GB): 87.33 
  [progress] processed: 6806 / 32820  free disk (GB): 87.21 
  [progress] processed: 7006 / 32820  free disk (GB): 87.11 
  [progress] processed: 7206 / 32820  free disk (GB): 86.99 
  [progress] processed: 7406 / 32820  free disk (GB): 86.88 
  [progress] processed: 7606 / 32820  free disk (GB): 86.77 
  [progress] processed: 7806 / 32820  free disk (GB): 86.66 
  [progress] processed: 8006 / 32820  free disk (GB): 86.55 
  [progress] processed: 8206 / 32820  free disk (GB): 86.43 
  [progress] processed: 8406 / 32820  free disk (GB): 86.33 
  [progress] processed: 8606 / 32820  free disk (GB): 86.21 
  [progress] processed: 8806 / 32820  free disk (GB): 86.1 
  [progress] processed: 9006 / 32820  free disk (GB): 85.98 
  [progress] processed: 9206 / 32820  free disk (GB): 85.88 
  [progress] processed: 9406 / 32820  free disk (GB): 85.76 
  [progress] processed: 9606 / 32820  free disk (GB): 85.66 
  [progress] processed: 9806 / 32820  free disk (GB): 85.54 
  [progress] processed: 10006 / 32820  free disk (GB): 85.44 
  [progress] processed: 10206 / 32820  free disk (GB): 85.31 
  [progress] processed: 10406 / 32820  free disk (GB): 85.22 
  [progress] processed: 10606 / 32820  free disk (GB): 85.09 
  [progress] processed: 10806 / 32820  free disk (GB): 84.99 
  [progress] processed: 10946 / 32820  free disk (GB): 84.88 
=== Processing splatter ( 10934 files ) ===
  [progress] processed: 11146 / 32820  free disk (GB): 84.76 
  [progress] processed: 11346 / 32820  free disk (GB): 84.47 
  [progress] processed: 11546 / 32820  free disk (GB): 84.34 
  [progress] processed: 11746 / 32820  free disk (GB): 84.06 
  [progress] processed: 11946 / 32820  free disk (GB): 83.93 
  [progress] processed: 12146 / 32820  free disk (GB): 83.65 
  [progress] processed: 12346 / 32820  free disk (GB): 83.52 
  [progress] processed: 12546 / 32820  free disk (GB): 83.24 
  [progress] processed: 12746 / 32820  free disk (GB): 83.1 
  [progress] processed: 12946 / 32820  free disk (GB): 82.83 
  [progress] processed: 13146 / 32820  free disk (GB): 82.69 
  [progress] processed: 13346 / 32820  free disk (GB): 82.42 
  [progress] processed: 13546 / 32820  free disk (GB): 82.27 
  [progress] processed: 13746 / 32820  free disk (GB): 82.01 
  [progress] processed: 13946 / 32820  free disk (GB): 81.86 
  [progress] processed: 14146 / 32820  free disk (GB): 81.6 
  [progress] processed: 14346 / 32820  free disk (GB): 81.44 
  [progress] processed: 14546 / 32820  free disk (GB): 81.19 
  [progress] processed: 14746 / 32820  free disk (GB): 81.03 
  [progress] processed: 14946 / 32820  free disk (GB): 80.78 
  [progress] processed: 15146 / 32820  free disk (GB): 80.61 
  [progress] processed: 15346 / 32820  free disk (GB): 80.37 
  [progress] processed: 15546 / 32820  free disk (GB): 80.2 
  [progress] processed: 15746 / 32820  free disk (GB): 79.96 
  [progress] processed: 15946 / 32820  free disk (GB): 79.78 
  [progress] processed: 16146 / 32820  free disk (GB): 79.55 
  [progress] processed: 16346 / 32820  free disk (GB): 79.37 
  [progress] processed: 16546 / 32820  free disk (GB): 79.14 
  [progress] processed: 16746 / 32820  free disk (GB): 78.96 
  [progress] processed: 16946 / 32820  free disk (GB): 78.73 
  [progress] processed: 17146 / 32820  free disk (GB): 78.54 
  [progress] processed: 17346 / 32820  free disk (GB): 78.32 
  [progress] processed: 17546 / 32820  free disk (GB): 78.12 
  [progress] processed: 17746 / 32820  free disk (GB): 77.91 
  [progress] processed: 17946 / 32820  free disk (GB): 77.71 
  [progress] processed: 18146 / 32820  free disk (GB): 77.5 
  [progress] processed: 18346 / 32820  free disk (GB): 77.29 
  [progress] processed: 18546 / 32820  free disk (GB): 77.09 
  [progress] processed: 18746 / 32820  free disk (GB): 76.87 
  [progress] processed: 18946 / 32820  free disk (GB): 76.68 
  [progress] processed: 19146 / 32820  free disk (GB): 76.46 
  [progress] processed: 19346 / 32820  free disk (GB): 76.27 
  [progress] processed: 19546 / 32820  free disk (GB): 76.04 
  [progress] processed: 19746 / 32820  free disk (GB): 75.86 
  [progress] processed: 19946 / 32820  free disk (GB): 75.62 
  [progress] processed: 20146 / 32820  free disk (GB): 75.45 
  [progress] processed: 20346 / 32820  free disk (GB): 75.21 
  [progress] processed: 20546 / 32820  free disk (GB): 75.04 
  [progress] processed: 20746 / 32820  free disk (GB): 74.79 
  [progress] processed: 20946 / 32820  free disk (GB): 74.63 
  [progress] processed: 21146 / 32820  free disk (GB): 74.38 
  [progress] processed: 21346 / 32820  free disk (GB): 74.22 
  [progress] processed: 21546 / 32820  free disk (GB): 73.96 
  [progress] processed: 21746 / 32820  free disk (GB): 73.81 
  [progress] processed: 21880 / 32820  free disk (GB): 73.57 
=== Processing symsim ( 10940 files ) ===
  [progress] processed: 22080 / 32820  free disk (GB): 73.48 
  [progress] processed: 22280 / 32820  free disk (GB): 73.22 
  [progress] processed: 22480 / 32820  free disk (GB): 73.12 
  [progress] processed: 22680 / 32820  free disk (GB): 72.87 
  [progress] processed: 22880 / 32820  free disk (GB): 72.75 
  [progress] processed: 23080 / 32820  free disk (GB): 72.51 
  [progress] processed: 23280 / 32820  free disk (GB): 72.4 
  [progress] processed: 23480 / 32820  free disk (GB): 72.16 
  [progress] processed: 23680 / 32820  free disk (GB): 72.04 
  [progress] processed: 23880 / 32820  free disk (GB): 71.8 
  [progress] processed: 24080 / 32820  free disk (GB): 71.67 
  [progress] processed: 24280 / 32820  free disk (GB): 71.44 
  [progress] processed: 24480 / 32820  free disk (GB): 71.31 
  [progress] processed: 24680 / 32820  free disk (GB): 71.09 
  [progress] processed: 24880 / 32820  free disk (GB): 70.95 
  [progress] processed: 25080 / 32820  free disk (GB): 70.73 
  [progress] processed: 25280 / 32820  free disk (GB): 70.59 
  [progress] processed: 25480 / 32820  free disk (GB): 70.37 
  [progress] processed: 25680 / 32820  free disk (GB): 70.23 
  [progress] processed: 25880 / 32820  free disk (GB): 70.02 
  [progress] processed: 26080 / 32820  free disk (GB): 69.87 
  [progress] processed: 26280 / 32820  free disk (GB): 69.66 
  [progress] processed: 26480 / 32820  free disk (GB): 69.51 
  [progress] processed: 26680 / 32820  free disk (GB): 69.3 
  [progress] processed: 26880 / 32820  free disk (GB): 69.15 
  [progress] processed: 27080 / 32820  free disk (GB): 68.95 
  [progress] processed: 27280 / 32820  free disk (GB): 68.79 
  [progress] processed: 27480 / 32820  free disk (GB): 68.6 
  [progress] processed: 27680 / 32820  free disk (GB): 68.43 
  [progress] processed: 27880 / 32820  free disk (GB): 68.24 
  [progress] processed: 28080 / 32820  free disk (GB): 68.07 
  [progress] processed: 28280 / 32820  free disk (GB): 67.89 
  [progress] processed: 28480 / 32820  free disk (GB): 67.71 
  [progress] processed: 28680 / 32820  free disk (GB): 67.53 
  [progress] processed: 28880 / 32820  free disk (GB): 67.34 
  [progress] processed: 29080 / 32820  free disk (GB): 67.17 
  [progress] processed: 29280 / 32820  free disk (GB): 66.98 
  [progress] processed: 29480 / 32820  free disk (GB): 66.82 
  [progress] processed: 29680 / 32820  free disk (GB): 66.62 
  [progress] processed: 29880 / 32820  free disk (GB): 66.46 
  [progress] processed: 30080 / 32820  free disk (GB): 66.26 
  [progress] processed: 30280 / 32820  free disk (GB): 66.1 
  [progress] processed: 30480 / 32820  free disk (GB): 65.9 
  [progress] processed: 30680 / 32820  free disk (GB): 65.75 
  [progress] processed: 30880 / 32820  free disk (GB): 65.54 
  [progress] processed: 31080 / 32820  free disk (GB): 65.4 
  [progress] processed: 31280 / 32820  free disk (GB): 65.17 
  [progress] processed: 31480 / 32820  free disk (GB): 65.04 
  [progress] processed: 31680 / 32820  free disk (GB): 64.81 
  [progress] processed: 31880 / 32820  free disk (GB): 64.69 
  [progress] processed: 32080 / 32820  free disk (GB): 64.45 
  [progress] processed: 32280 / 32820  free disk (GB): 64.33 
  [progress] processed: 32480 / 32820  free disk (GB): 64.09 
  [progress] processed: 32680 / 32820  free disk (GB): 63.97 
  [progress] processed: 32820 / 32820  free disk (GB): 63.75 

=== STEP 3.5 (WITH LOADINGS) COMPLETE ===
